
> reyper-xyz@0.1.0 build
> next build

Ôû▓ Next.js 16.1.3 (Turbopack)
- Environments: .env.local
- Experiments (use with caution):
  ┬À optimizePackageImports

node.exe : ÔÜá The 
"middleware" file convention 
is deprecated. Please use 
"proxy" instead. Learn more: ht
tps://nextjs.org/docs/messages/
middleware-to-proxy
En C:\Program 
Files\nodejs\npm.ps1: 29 
Carácter: 3
+   & $NODE_EXE $NPM_CLI_JS 
$args
+   
~~~~~~~~~~~~~~~~~~~~~~~~~~~~~
    + CategoryInfo             
 : NotSpecified    : (ÔÜá The 
"middle.    
..leware-to-proxy:S    tring) 
[], RemoteEx    ception
    + FullyQualifiedErr    
orId : NativeComman    dError
 
  Creating an optimized production build ...
Ô£ô Compiled successfully in 26.7s
  Running TypeScript ...
Failed to compile.

./components/production/product
ion-view.tsx:1766:36
Type error: Argument of type 
'(prev: Order[]) => { 
evaluation: any; urgencia: 
boolean | undefined; 
created_at: string | null; 
description: string | null; 
design_no: string | null; 
drawing_url: string | null; 
... 18 more ...; projects?: Dat
abase["public"]["Tables"]["proj
ects"]["Row"] | null; }[]' is 
not assignable to parameter of 
type 'SetStateAction<Order[]>'.
  Type '(prev: Order[]) => { 
evaluation: any; urgencia: 
boolean | undefined; 
created_at: string | null; 
description: string | null; 
design_no: string | null; 
drawing_url: string | null; 
... 18 more ...; projects?: Dat
abase["public"]["Tables"]["proj
ects"]["Row"] | null; }[]' is 
not assignable to type 
'(prevState: Order[]) => 
Order[]'.
    Type '{ evaluation: any; 
urgencia: boolean | undefined; 
created_at: string | null; 
description: string | null; 
design_no: string | null; 
drawing_url: string | null; 
genral_status: string | null; 
... 17 more ...; projects?: { 
...; } | ... 1 more ... | 
undefined; }[]' is not 
assignable to type 'Order[]'.
      Type '{ evaluation: any; 
urgencia: boolean | undefined; 
created_at: string | null; 
description: string | null; 
design_no: string | null; 
drawing_url: string | null; 
genral_status: string | null; 
... 17 more ...; projects?: Dat
abase["public"]["Tables"]["proj
ects"]["Row"] | null; }' is 
not assignable to type 'Order'.
        Type '{ evaluation: 
any; urgencia: boolean | 
undefined; created_at: string 
| null; description: string | 
null; design_no: string | 
null; drawing_url: string | 
null; genral_status: string | 
null; ... 17 more ...; 
projects?: Database["public"]["
Tables"]["projects"]["Row"] | 
null; }' is not assignable to 
type '{ created_at: string | 
null; description: string | 
null; design_no: string | 
null; drawing_url: string | 
null; evaluation: Json; 
genral_status: string | null; 
id: string; image: string | 
null; ... 15 more ...; 
urgencia: boolean | null; }'.
          Types of property 
'urgencia' are incompatible.
            Type 'boolean | 
undefined' is not assignable 
to type 'boolean | null'.
              Type 'undefined' 
is not assignable to type 
'boolean | null'.

[0m [90m 1764 |[39m         
        onSuccess[33m=[39m{(n
ewSteps[33m,[39m urg) 
[33m=>[39m {
 [90m 1765 |[39m             
        [90m// Update local 
state immediately for 
reactivity[39m
[31m[1m>[22m[39m[90m 1766 
|[39m                     setL
ocalOrders((prev[33m:[39m 
[33mOrder[39m[]) 
[33m=>[39m prev[33m.[39mmap
((o[33m:[39m 
[33mOrder[39m) [33m=>[39m
 [90m      |[39m             
                       
[31m[1m^[22m[39m
 [90m 1767 |[39m             
            o[33m.[39mid 
[33m===[39m selectedOrderForE
val[33m?[39m[33m.[39mid
 [90m 1768 |[39m             
                [33m?[39m { 
[33m...[39mo[33m,[39m 
evaluation[33m:[39m newSteps 
[36mas[39m any[33m,[39m 
urgencia[33m:[39m urg }
 [90m 1769 |[39m             
                [33m:[39m 
o[0m
Next.js build worker exited 
with code: 1 and signal: null
